// Jest Snapshot v1, https://goo.gl/fbAQLP

exports[`index page snapshots check CryptoList component snapshot 1`] = `
<div
  className="jsx-3037929197"
>
  <a
    className="jsx-3037929197"
    href="/"
  >
    <button
      className="jsx-3037929197"
    >
      Refresh data
    </button>
  </a>
  <table
    className="jsx-3037929197"
  >
    <thead
      className="jsx-3037929197"
    >
      <tr
        className="jsx-3037929197"
      >
        <th
          className="jsx-3037929197"
        >
          Rank
        </th>
        <th
          className="jsx-3037929197"
        >
          Symbol
        </th>
        <th
          className="jsx-3037929197"
        >
          Price
        </th>
        <th
          className="jsx-3037929197"
        >
          Change 24h
        </th>
      </tr>
    </thead>
    <tbody
      className="jsx-3037929197"
    />
  </table>
  <JSXStyle
    css="div.jsx-3037929197{text-align:center;}table.jsx-3037929197{margin:20px auto 0 auto;}td.jsx-3037929197{width:90px;text-align:center;height:30px;}"
    styleId="3037929197"
  />
</div>
`;

exports[`index page snapshots check Header component snapshot 1`] = `
<div
  className="jsx-1868560903"
>
  <Link
    href="/"
  >
    <a
      className="jsx-1868560903"
    >
      Home
    </a>
  </Link>
  <button
    className="jsx-1868560903"
    onClick={[Function]}
  >
    USD
  </button>
  <button
    className="jsx-1868560903"
    onClick={[Function]}
  >
    EUR
  </button>
  <button
    className="jsx-1868560903"
    onClick={[Function]}
  >
    CNY
  </button>
  <JSXStyle
    css="div.jsx-1868560903{margin-bottom:25px;text-align:center;}button.jsx-1868560903{margin-left:10px;}"
    styleId="1868560903"
  />
</div>
`;

exports[`index page snapshots check index page snapshot 1`] = `
<Provider
  store={
    Object {
      "apiData": Array [],
      "currency": "USD",
      "exchRateBTC": 0,
      "exchRateCNY": 0,
      "exchRateUSD": 0,
    }
  }
>
  <Layout>
    <inject-CryptoListComp-with-store />
  </Layout>
</Provider>
`;
